// Jest Snapshot v1, https://goo.gl/fbAQLP

exports[`first snapshot testing 1`] = `
<div
  className="mx-auto lg:max-w-7xl px-10 py-10"
>
  <h1
    className="  pt-5 text-3xl md:text-5xl format-normal leading-normal"
  >
    WE ARE HEALING, NICE TO MEET YOU!
  </h1>
  <div
    className="mt-32 px-4 "
  >
    <h4
      className=" text-3xl  py-14    lg:mx-0  mx-2 pl-5 sm:ml-10 justify-center "
    >
      Meet the Team!
    </h4>
    <div
      className="flex flex-wrap px-0 pb-24   lg:justify-between   "
    >
      <div
        className="flex flex-col border-solid rounded-3xl bg-[#EAF8F9] justify-center pb-28  px-0 my-4 ml-10 lg:mx-2 sm:justify-center "
      >
        <img
          alt="img1"
          className="w-35 h-40 "
          src="Rectangle.png"
        />
        <hr
          className="border-[#a3e635] border-4 bg-[#a3e635]"
        />
        <p
          className="text-center py-4  "
        >
           
          Allan Saleh
        </p>
        <p
          className=" pl-4 max-w-[150px]  "
        >
          Lead Engineer& Web Developer
        </p>
      </div>
      <div
        className="flex flex-col border-solid rounded-3xl bg-[#EAF8F9] justify-center pb-28  px-0 my-4 ml-10 lg:mx-2 sm:justify-center "
      >
        <img
          alt="img2"
          className="w-35 h-40 "
          src="Rectangle1.png"
        />
        <hr
          className="border-[#a3e635] border-4 bg-[#a3e635]"
        />
        <p
          className="text-center py-4  "
        >
           
          Payam Abubakr
        </p>
        <p
          className=" pl-4 max-w-[150px]  "
        >
          Junior Designer& FE Developer
        </p>
      </div>
      <div
        className="flex flex-col border-solid rounded-3xl bg-[#EAF8F9] justify-center pb-28  px-0 my-4 ml-10 lg:mx-2 sm:justify-center "
      >
        <img
          alt="img3"
          className="w-35 h-40 "
          src="Rectangle2.png"
        />
        <hr
          className="border-[#a3e635] border-4 bg-[#a3e635]"
        />
        <p
          className="text-center py-4  "
        >
           
          Ahmed Mohammed
        </p>
        <p
          className=" pl-4 max-w-[150px]  "
        >
          Junior Designer& FE Developer
        </p>
      </div>
      <div
        className="flex flex-col border-solid rounded-3xl bg-[#EAF8F9] justify-center pb-28  px-0 my-4 ml-10 lg:mx-2 sm:justify-center "
      >
        <img
          alt="img4"
          className="w-35 h-40 "
          src="Rectangle3.png"
        />
        <hr
          className="border-[#a3e635] border-4 bg-[#a3e635]"
        />
        <p
          className="text-center py-4  "
        >
           
          Abdulmajeed Jaafer
        </p>
        <p
          className=" pl-4 max-w-[150px]  "
        >
          Junior Designer& FE Developer
        </p>
      </div>
      <div
        className="flex flex-col border-solid rounded-3xl bg-[#EAF8F9] justify-center pb-28  px-0 my-4 ml-10 lg:mx-2 sm:justify-center "
      >
        <img
          alt="img5"
          className="w-35 h-40 "
          src="Rectangle4.png"
        />
        <hr
          className="border-[#a3e635] border-4 bg-[#a3e635]"
        />
        <p
          className="text-center py-4  "
        >
           
          Snoor Madih
        </p>
        <p
          className=" pl-4 max-w-[150px]  "
        >
          Junior Designer& FE Developer
        </p>
      </div>
      <div
        className="flex flex-col border-solid rounded-3xl bg-[#EAF8F9] justify-center pb-28  px-0 my-4 ml-10 lg:mx-2 sm:justify-center "
      >
        <img
          alt="img6"
          className="w-35 h-40 "
          src="Rectangle 5.png"
        />
        <hr
          className="border-[#a3e635] border-4 bg-[#a3e635]"
        />
        <p
          className="text-center py-4  "
        >
           
          Avraz Zebary
        </p>
        <p
          className=" pl-4 max-w-[150px]  "
        >
          Junior Designer& FE Developer
        </p>
      </div>
    </div>
  </div>
</div>
`;
